  Trwa okre┼Ťlanie projekt├│w do przywr├│cenia...
  Wszystkie projekty s─ů aktualne na potrzeby przywr├│cenia.
c:\Users\karolina\source\repos\SecureLoader\SecureLoader\Resources\Styles.xaml(93,10): error MC3015: Do┼é─ůczona w┼éa┼Ťciwo┼Ť─ç ÔÇ×ControlTemplate.TriggersÔÇŁ nie zosta┼éa zdefiniowana w klasie ÔÇ×StyleÔÇŁ lub w jednej ze swoich klas podstawowych. [c:\Users\karolina\source\repos\SecureLoader\SecureLoader\SecureLoader.csproj]

Kompilacja NIE POWIOD┼üA SI─ś.

c:\Users\karolina\source\repos\SecureLoader\SecureLoader\Resources\Styles.xaml(93,10): error MC3015: Do┼é─ůczona w┼éa┼Ťciwo┼Ť─ç ÔÇ×ControlTemplate.TriggersÔÇŁ nie zosta┼éa zdefiniowana w klasie ÔÇ×StyleÔÇŁ lub w jednej ze swoich klas podstawowych. [c:\Users\karolina\source\repos\SecureLoader\SecureLoader\SecureLoader.csproj]
    Ostrze┼╝enia: 0
    Liczba b┼é─Öd├│w: 1

Czas, kt├│ry up┼éyn─ů┼é: 00:00:00.76
